Starting inference pipeline at Mon 02 Mar 2026 09:32:32 PM EST
===========================================

[1/63] demo/worker_motion/S01/bag_l.MOV
  Started:  2026-03-02 21:32:32
  Ended:    2026-03-02 21:32:32
  Duration: 0s
  Status:   ✗ FAILED (exit code: 1) - demo/worker_motion/S01/bag_l.MOV
  Waiting 15s...

Resuming pipeline at Mon 02 Mar 2026 09:36:33 PM EST
===========================================

[1/63] demo/worker_motion/S01/bag_l.MOV
  Started:  2026-03-02 21:36:33
  Ended:    2026-03-02 21:36:33
  Duration: 0s
  Status:   ✗ FAILED (exit code: 1) - demo/worker_motion/S01/bag_l.MOV
  Waiting 15s...

Resuming pipeline at Mon 02 Mar 2026 09:37:54 PM EST
===========================================

[1/63] demo/worker_motion/S01/bag_l.MOV
  Started:  2026-03-02 21:37:54
  Ended:    2026-03-02 21:39:44
  Duration: 110s
  Status:   ✓ SUCCESS - demo/worker_motion/S01/bag_l.MOV
  Waiting 15s...

[2/63] demo/worker_motion/S01/bag_slide.MOV
  Started:  2026-03-02 21:39:59
  Ended:    2026-03-02 21:42:01
  Duration: 122s
  Status:   ✓ SUCCESS - demo/worker_motion/S01/bag_slide.MOV
  Waiting 15s...

[3/63] demo/worker_motion/S01/bag_s.MOV
  Started:  2026-03-02 21:42:16
  Ended:    2026-03-02 21:44:25
  Duration: 129s
  Status:   ✓ SUCCESS - demo/worker_motion/S01/bag_s.MOV
  Waiting 15s...

[4/63] demo/worker_motion/S01/bag_step.MOV
  Started:  2026-03-02 21:44:40
  Ended:    2026-03-02 21:46:18
  Duration: 98s
  Status:   ✓ SUCCESS - demo/worker_motion/S01/bag_step.MOV
  Waiting 15s...

[5/63] demo/worker_motion/S01/box_l_10lbs.MOV
  Started:  2026-03-02 21:46:33
  Ended:    2026-03-02 21:48:28
  Duration: 115s
  Status:   ✓ SUCCESS - demo/worker_motion/S01/box_l_10lbs.MOV
  Waiting 15s...

[6/63] demo/worker_motion/S01/box_l_20lbs.MOV
  Started:  2026-03-02 21:48:43
  Ended:    2026-03-02 21:50:39
  Duration: 116s
  Status:   ✓ SUCCESS - demo/worker_motion/S01/box_l_20lbs.MOV
  Waiting 15s...

[7/63] demo/worker_motion/S01/box_s_10lbs.MOV
  Started:  2026-03-02 21:50:54
  Ended:    2026-03-02 21:52:37
  Duration: 103s
  Status:   ✓ SUCCESS - demo/worker_motion/S01/box_s_10lbs.MOV
  Waiting 15s...

[8/63] demo/worker_motion/S01/box_s_20lbs.MOV
  Started:  2026-03-02 21:52:52
  Ended:    2026-03-02 21:54:34
  Duration: 102s
  Status:   ✓ SUCCESS - demo/worker_motion/S01/box_s_20lbs.MOV
  Waiting 15s...

[9/63] demo/worker_motion/S01/box_slide.MOV
  Started:  2026-03-02 21:54:49
  Ended:    2026-03-02 21:57:02
  Duration: 133s
  Status:   ✓ SUCCESS - demo/worker_motion/S01/box_slide.MOV
  Waiting 15s...

[10/63] demo/worker_motion/S01/box_step.MOV
  Started:  2026-03-02 21:57:17
  Ended:    2026-03-02 21:58:53
  Duration: 96s
  Status:   ✓ SUCCESS - demo/worker_motion/S01/box_step.MOV
  Waiting 15s...

[11/63] demo/worker_motion/S01/handle_l_10lbs.MOV
  Started:  2026-03-02 21:59:08
  Ended:    2026-03-02 22:00:41
  Duration: 93s
  Status:   ✓ SUCCESS - demo/worker_motion/S01/handle_l_10lbs.MOV
  Waiting 15s...

[12/63] demo/worker_motion/S01/handle_l_20lbs.MOV
  Started:  2026-03-02 22:00:56
  Ended:    2026-03-02 22:02:18
  Duration: 82s
  Status:   ✓ SUCCESS - demo/worker_motion/S01/handle_l_20lbs.MOV
  Waiting 15s...

[13/63] demo/worker_motion/S01/handle_s_10lbs.MOV
  Started:  2026-03-02 22:02:33
  Ended:    2026-03-02 22:03:50
  Duration: 77s
  Status:   ✓ SUCCESS - demo/worker_motion/S01/handle_s_10lbs.MOV
  Waiting 15s...

[14/63] demo/worker_motion/S01/handle_s_20lbs.MOV
  Started:  2026-03-02 22:04:05
  Ended:    2026-03-02 22:05:29
  Duration: 84s
  Status:   ✓ SUCCESS - demo/worker_motion/S01/handle_s_20lbs.MOV
  Waiting 15s...

[15/63] demo/worker_motion/S01/handle_slide.MOV
  Started:  2026-03-02 22:05:45
  Ended:    2026-03-02 22:07:34
  Duration: 109s
  Status:   ✓ SUCCESS - demo/worker_motion/S01/handle_slide.MOV
  Waiting 15s...

[16/63] demo/worker_motion/S01/handle_step.MOV
  Started:  2026-03-02 22:07:49
  Ended:    2026-03-02 22:09:19
  Duration: 90s
  Status:   ✓ SUCCESS - demo/worker_motion/S01/handle_step.MOV
  Waiting 15s...

[17/63] demo/worker_motion/S01/timber_l.MOV
  Started:  2026-03-02 22:09:34
  Ended:    2026-03-02 22:11:15
  Duration: 101s
  Status:   ✓ SUCCESS - demo/worker_motion/S01/timber_l.MOV
  Waiting 15s...

[18/63] demo/worker_motion/S01/timber_slide.MOV
  Started:  2026-03-02 22:11:30
  Ended:    2026-03-02 22:13:43
  Duration: 133s
  Status:   ✓ SUCCESS - demo/worker_motion/S01/timber_slide.MOV
  Waiting 15s...

[19/63] demo/worker_motion/S01/timber_s.MOV
  Started:  2026-03-02 22:13:58
  Ended:    2026-03-02 22:15:22
  Duration: 84s
  Status:   ✓ SUCCESS - demo/worker_motion/S01/timber_s.MOV
  Waiting 15s...

[20/63] demo/worker_motion/S01/timber_step_2.MOV
  Started:  2026-03-02 22:15:37
  Ended:    2026-03-02 22:17:09
  Duration: 92s
  Status:   ✓ SUCCESS - demo/worker_motion/S01/timber_step_2.MOV
  Waiting 15s...

[21/63] demo/worker_motion/S01/timber_step.MOV
  Started:  2026-03-02 22:17:24
  Ended:    2026-03-02 22:19:04
  Duration: 100s
  Status:   ✓ SUCCESS - demo/worker_motion/S01/timber_step.MOV
  Waiting 15s...

[22/63] demo/worker_motion/S02/bag_l.MOV
  Started:  2026-03-02 22:19:19
  Ended:    2026-03-02 22:21:17
  Duration: 118s
  Status:   ✓ SUCCESS - demo/worker_motion/S02/bag_l.MOV
  Waiting 15s...

[23/63] demo/worker_motion/S02/bag_slide.MOV
  Started:  2026-03-02 22:21:32
  Ended:    2026-03-02 22:23:57
  Duration: 145s
  Status:   ✓ SUCCESS - demo/worker_motion/S02/bag_slide.MOV
  Waiting 15s...

[24/63] demo/worker_motion/S02/bag_s.MOV
  Started:  2026-03-02 22:24:12
  Ended:    2026-03-02 22:25:47
  Duration: 95s
  Status:   ✓ SUCCESS - demo/worker_motion/S02/bag_s.MOV
  Waiting 15s...

[25/63] demo/worker_motion/S02/bag_step_2.MOV
  Started:  2026-03-02 22:26:02
  Ended:    2026-03-02 22:27:35
  Duration: 93s
  Status:   ✓ SUCCESS - demo/worker_motion/S02/bag_step_2.MOV
  Waiting 15s...

[26/63] demo/worker_motion/S02/bag_step.MOV
  Started:  2026-03-02 22:27:50
  Ended:    2026-03-02 22:29:34
  Duration: 104s
  Status:   ✓ SUCCESS - demo/worker_motion/S02/bag_step.MOV
  Waiting 15s...

[27/63] demo/worker_motion/S02/box_l_10lbs.MOV
  Started:  2026-03-02 22:29:49
  Ended:    2026-03-02 22:31:34
  Duration: 105s
  Status:   ✓ SUCCESS - demo/worker_motion/S02/box_l_10lbs.MOV
  Waiting 15s...

[28/63] demo/worker_motion/S02/box_l_20lbs.MOV
  Started:  2026-03-02 22:31:49
  Ended:    2026-03-02 22:33:59
  Duration: 130s
  Status:   ✓ SUCCESS - demo/worker_motion/S02/box_l_20lbs.MOV
  Waiting 15s...

[29/63] demo/worker_motion/S02/box_s_10lbs.MOV
  Started:  2026-03-02 22:34:14
  Ended:    2026-03-02 22:35:42
  Duration: 88s
  Status:   ✓ SUCCESS - demo/worker_motion/S02/box_s_10lbs.MOV
  Waiting 15s...

[30/63] demo/worker_motion/S02/box_s_20lbs.MOV
  Started:  2026-03-02 22:35:57
  Ended:    2026-03-02 22:37:36
  Duration: 99s
  Status:   ✓ SUCCESS - demo/worker_motion/S02/box_s_20lbs.MOV
  Waiting 15s...

[31/63] demo/worker_motion/S02/box_slide.MOV
  Started:  2026-03-02 22:37:51
  Ended:    2026-03-02 22:39:37
  Duration: 106s
  Status:   ✓ SUCCESS - demo/worker_motion/S02/box_slide.MOV
  Waiting 15s...

[32/63] demo/worker_motion/S02/box_step.MOV
  Started:  2026-03-02 22:39:52
  Ended:    2026-03-02 22:41:44
  Duration: 112s
  Status:   ✓ SUCCESS - demo/worker_motion/S02/box_step.MOV
  Waiting 15s...

[33/63] demo/worker_motion/S02/handle_l_10lbs.MOV
  Started:  2026-03-02 22:41:59
  Ended:    2026-03-02 22:43:18
  Duration: 79s
  Status:   ✓ SUCCESS - demo/worker_motion/S02/handle_l_10lbs.MOV
  Waiting 15s...

[34/63] demo/worker_motion/S02/handle_l_20lbs.MOV
  Started:  2026-03-02 22:43:33
  Ended:    2026-03-02 22:44:54
  Duration: 81s
  Status:   ✓ SUCCESS - demo/worker_motion/S02/handle_l_20lbs.MOV
  Waiting 15s...

[35/63] demo/worker_motion/S02/handle_s_10lbs.MOV
  Started:  2026-03-02 22:45:09
  Ended:    2026-03-02 22:46:31
  Duration: 82s
  Status:   ✓ SUCCESS - demo/worker_motion/S02/handle_s_10lbs.MOV
  Waiting 15s...

[36/63] demo/worker_motion/S02/handle_s_20lbs.MOV
  Started:  2026-03-02 22:46:46
  Ended:    2026-03-02 22:48:06
  Duration: 80s
  Status:   ✓ SUCCESS - demo/worker_motion/S02/handle_s_20lbs.MOV
  Waiting 15s...

[37/63] demo/worker_motion/S02/handle_slide.MOV
  Started:  2026-03-02 22:48:21
  Ended:    2026-03-02 22:50:38
  Duration: 137s
  Status:   ✓ SUCCESS - demo/worker_motion/S02/handle_slide.MOV
  Waiting 15s...

[38/63] demo/worker_motion/S02/handle_step_2.MOV
  Started:  2026-03-02 22:50:53
  Ended:    2026-03-02 22:52:25
  Duration: 92s
  Status:   ✓ SUCCESS - demo/worker_motion/S02/handle_step_2.MOV
  Waiting 15s...

[39/63] demo/worker_motion/S02/handle_step.MOV
  Started:  2026-03-02 22:52:40
  Ended:    2026-03-02 22:54:31
  Duration: 111s
  Status:   ✓ SUCCESS - demo/worker_motion/S02/handle_step.MOV
  Waiting 15s...

[40/63] demo/worker_motion/S02/timber_l.MOV
  Started:  2026-03-02 22:54:46
  Ended:    2026-03-02 22:56:07
  Duration: 81s
  Status:   ✓ SUCCESS - demo/worker_motion/S02/timber_l.MOV
  Waiting 15s...

[41/63] demo/worker_motion/S02/timber_slide.MOV
  Started:  2026-03-02 22:56:22
  Ended:    2026-03-02 22:58:28
  Duration: 126s
  Status:   ✓ SUCCESS - demo/worker_motion/S02/timber_slide.MOV
  Waiting 15s...

[42/63] demo/worker_motion/S02/timber_s.MOV
  Started:  2026-03-02 22:58:43
  Ended:    2026-03-02 23:00:02
  Duration: 79s
  Status:   ✓ SUCCESS - demo/worker_motion/S02/timber_s.MOV
  Waiting 15s...

[43/63] demo/worker_motion/S02/timber_step.MOV
  Started:  2026-03-02 23:00:17
  Ended:    2026-03-02 23:01:43
  Duration: 86s
  Status:   ✓ SUCCESS - demo/worker_motion/S02/timber_step.MOV
  Waiting 15s...

[44/63] demo/worker_motion/S03/bag_l.mp4
  Started:  2026-03-02 23:01:58
  Ended:    2026-03-02 23:03:17
  Duration: 79s
  Status:   ✓ SUCCESS - demo/worker_motion/S03/bag_l.mp4
  Waiting 15s...

[45/63] demo/worker_motion/S03/bag_slide.mp4
  Started:  2026-03-02 23:03:32
  Ended:    2026-03-02 23:05:07
  Duration: 95s
  Status:   ✓ SUCCESS - demo/worker_motion/S03/bag_slide.mp4
  Waiting 15s...

[46/63] demo/worker_motion/S03/bag_s.mp4
  Started:  2026-03-02 23:05:22
  Ended:    2026-03-02 23:06:37
  Duration: 75s
  Status:   ✓ SUCCESS - demo/worker_motion/S03/bag_s.mp4
  Waiting 15s...

[47/63] demo/worker_motion/S03/bag_step.mp4
  Started:  2026-03-02 23:06:52
  Ended:    2026-03-02 23:07:58
  Duration: 66s
  Status:   ✓ SUCCESS - demo/worker_motion/S03/bag_step.mp4
  Waiting 15s...

[48/63] demo/worker_motion/S03/box_l_10lbs.mp4
  Started:  2026-03-02 23:08:13
  Ended:    2026-03-02 23:09:23
  Duration: 70s
  Status:   ✓ SUCCESS - demo/worker_motion/S03/box_l_10lbs.mp4
  Waiting 15s...

[49/63] demo/worker_motion/S03/box_l_20lbs.mp4
  Started:  2026-03-02 23:09:38
  Ended:    2026-03-02 23:11:13
  Duration: 95s
  Status:   ✓ SUCCESS - demo/worker_motion/S03/box_l_20lbs.mp4
  Waiting 15s...

[50/63] demo/worker_motion/S03/box_s_10lbs.mp4
  Started:  2026-03-02 23:11:28
  Ended:    2026-03-02 23:12:59
  Duration: 91s
  Status:   ✓ SUCCESS - demo/worker_motion/S03/box_s_10lbs.mp4
  Waiting 15s...

[51/63] demo/worker_motion/S03/box_s_20lbs.mp4
  Started:  2026-03-02 23:13:14
  Ended:    2026-03-02 23:14:28
  Duration: 74s
  Status:   ✓ SUCCESS - demo/worker_motion/S03/box_s_20lbs.mp4
  Waiting 15s...

[52/63] demo/worker_motion/S03/box_slide.mp4
  Started:  2026-03-02 23:14:43
  Ended:    2026-03-02 23:16:28
  Duration: 105s
  Status:   ✓ SUCCESS - demo/worker_motion/S03/box_slide.mp4
  Waiting 15s...

[53/63] demo/worker_motion/S03/box_step.mp4
  Started:  2026-03-02 23:16:44
  Ended:    2026-03-02 23:17:54
  Duration: 70s
  Status:   ✓ SUCCESS - demo/worker_motion/S03/box_step.mp4
  Waiting 15s...

[54/63] demo/worker_motion/S03/handle_l_10lbs.mp4
  Started:  2026-03-02 23:18:09
  Ended:    2026-03-02 23:19:10
  Duration: 61s
  Status:   ✓ SUCCESS - demo/worker_motion/S03/handle_l_10lbs.mp4
  Waiting 15s...

[55/63] demo/worker_motion/S03/handle_l_20lbs.mp4
  Started:  2026-03-02 23:19:25
  Ended:    2026-03-02 23:20:37
  Duration: 72s
  Status:   ✓ SUCCESS - demo/worker_motion/S03/handle_l_20lbs.mp4
  Waiting 15s...

[56/63] demo/worker_motion/S03/handle_s_10lbs.mp4
  Started:  2026-03-02 23:20:52
  Ended:    2026-03-02 23:21:57
  Duration: 65s
  Status:   ✓ SUCCESS - demo/worker_motion/S03/handle_s_10lbs.mp4
  Waiting 15s...

[57/63] demo/worker_motion/S03/handle_s_20lbs.mp4
  Started:  2026-03-02 23:22:12
  Ended:    2026-03-02 23:23:22
  Duration: 70s
  Status:   ✓ SUCCESS - demo/worker_motion/S03/handle_s_20lbs.mp4
  Waiting 15s...

[58/63] demo/worker_motion/S03/handle_slide.mp4
  Started:  2026-03-02 23:23:37
  Ended:    2026-03-02 23:25:14
  Duration: 97s
  Status:   ✓ SUCCESS - demo/worker_motion/S03/handle_slide.mp4
  Waiting 15s...

[59/63] demo/worker_motion/S03/handle_step.mp4
  Started:  2026-03-02 23:25:29
  Ended:    2026-03-02 23:26:27
  Duration: 58s
  Status:   ✓ SUCCESS - demo/worker_motion/S03/handle_step.mp4
  Waiting 15s...

[60/63] demo/worker_motion/S03/timber_l.mp4
  Started:  2026-03-02 23:26:42
  Ended:    2026-03-02 23:27:55
  Duration: 73s
  Status:   ✓ SUCCESS - demo/worker_motion/S03/timber_l.mp4
  Waiting 15s...

[61/63] demo/worker_motion/S03/timber_slide.mp4
  Started:  2026-03-02 23:28:10
  Ended:    2026-03-02 23:29:54
  Duration: 104s
  Status:   ✓ SUCCESS - demo/worker_motion/S03/timber_slide.mp4
  Waiting 15s...

[62/63] demo/worker_motion/S03/timber_s.mp4
  Started:  2026-03-02 23:30:09
  Ended:    2026-03-02 23:31:20
  Duration: 71s
  Status:   ✓ SUCCESS - demo/worker_motion/S03/timber_s.mp4
  Waiting 15s...

[63/63] demo/worker_motion/S03/timber_step.mp4
  Started:  2026-03-02 23:31:35
  Ended:    2026-03-02 23:32:37
  Duration: 62s
  Status:   ✓ SUCCESS - demo/worker_motion/S03/timber_step.mp4

===========================================
Pipeline completed at Mon 02 Mar 2026 11:32:37 PM EST
Total videos: 63 | Processed: 63 | Skipped: 0
Log saved to: ./logs/inference_progress.log
